FM_TEST_BEGIN 2026-10-09T21:38:41Z tests/fm-droid-signals-live-e2e.test.sh family=live-harness-optin expected_gate_skip=live-capability
ok - Droid 0.237.0 independent working signals match the scoped busy guard
ok - Droid 0.237.0 trusted worktree brief runs, exact ancestry detects Droid, and Stop fires
ok - Droid 0.237.0 idle composer permits delivery
ok - Droid 0.237.0 process-local dynamic effort and requested model apply in native settings
ok - Droid 0.237.0 single Escape interrupts a running turn
ok - Droid 0.237.0 /quit exits the agent
DROID_LIVE_RESULT version=0.237.0 detection=pass launch=pass busy=pass stop=pass composer=pass profile=pass interrupt=pass exit=pass
ok - Droid 0.237.0 exact-worktree trust is retired after exit
spawned droid-recovery-76375 harness=droid kind=scout window=firstmate:fm-droid-recovery-76375 worktree=/Users/dela/.no-mistakes/worktrees/ec79763cce27/01M4H9BQAD97ANPCJV94NT4EX4/.test-tmp/fm-droid-signals.xjjmmU/pool/.treehouse/project-f4fa64/1/project
●━━━━━━━━━━━━━━━━━━━━━━━━━━━━━━━━━━━━━━━━━━━━━━━━━━━━━━━━━━━━━━━━━━━━━━━
●  WATCHER DOWN - SUPERVISION IS OFF
●  1 task(s) in flight, but no watcher has a fresh beacon (last beat: never, grace 300s).
●  Trust the emitted supervision protocol for this harness; do not use shell & for watcher repair.
●  This is a supervision warning only; the guarded operation WILL still run.
●  repair missing watcher supervision according to the session-start block for this harness; do not use shell &.
●━━━━━━━━━━━━━━━━━━━━━━━━━━━━━━━━━━━━━━━━━━━━━━━━━━━━━━━━━━━━━━━━━━━━━━━
relaunched droid-recovery-76375 harness=droid from=droid model=default effort=dynamic backend=tmux endpoint=firstmate:fm-droid-recovery-76375 worktree=/Users/dela/.no-mistakes/worktrees/ec79763cce27/01M4H9BQAD97ANPCJV94NT4EX4/.test-tmp/fm-droid-signals.xjjmmU/pool/.treehouse/project-f4fa64/1/project
stopped droid-recovery-76375 harness=droid backend=tmux endpoint=firstmate:fm-droid-recovery-76375 worktree=/Users/dela/.no-mistakes/worktrees/ec79763cce27/01M4H9BQAD97ANPCJV94NT4EX4/.test-tmp/fm-droid-signals.xjjmmU/pool/.treehouse/project-f4fa64/1/project
complete: droid-recovery-76375 captain-call inventory reviewed
WARNING: watcher still down (same stale episode; last beat: never, grace 300s) - full banner already printed this episode.
teardown: reaping leaked worktree process(es) for droid-recovery-76375: 99422
teardown: force-killing leaked worktree process(es) for droid-recovery-76375: 99422
A new version of treehouse is available: v2.3.0 → v3.1.2
Run "treehouse update" to update

🌳 Worktree returned to pool.
teardown droid-recovery-76375 complete (window firstmate:fm-droid-recovery-76375, worktree /Users/dela/.no-mistakes/worktrees/ec79763cce27/01M4H9BQAD97ANPCJV94NT4EX4/.test-tmp/fm-droid-signals.xjjmmU/pool/.treehouse/project-f4fa64/1/project)
Backlog: droid-recovery-76375 just finished (config/backlog-backend selects manual editing). Update /Users/dela/.no-mistakes/worktrees/ec79763cce27/01M4H9BQAD97ANPCJV94NT4EX4/.test-tmp/fm-droid-signals.xjjmmU/fleet/data/backlog.md - move droid-recovery-76375 to Done, keep Done to the 10 most recent, then re-scan Queued and dispatch only work whose blockers are gone and date is due.
ok - Droid 0.237.0 public scout relaunch completes a replacement turn with dynamic effort
warning: /Users/dela/.no-mistakes/worktrees/ec79763cce27/01M4H9BQAD97ANPCJV94NT4EX4/.test-tmp/fm-droid-signals.xjjmmU/fleet/data/droid-fish-76375/launch-brief.md records no ship branch; defaulting to legacy branch fm/droid-fish-76375
warning: /Users/dela/.no-mistakes/worktrees/ec79763cce27/01M4H9BQAD97ANPCJV94NT4EX4/.test-tmp/fm-droid-signals.xjjmmU/fleet/data/droid-fish-76375/launch-brief.md records no delivery contract line (scaffolded before ship briefs recorded one); launching on the explicit --mode no-mistakes - confirm its definition of done matches
spawned droid-fish-76375 harness=droid kind=ship mode=no-mistakes yolo=off window=firstmate:fm-droid-fish-76375 worktree=/Users/dela/.no-mistakes/worktrees/ec79763cce27/01M4H9BQAD97ANPCJV94NT4EX4/.test-tmp/fm-droid-signals.xjjmmU/pool/.treehouse/project-f4fa64/1/project
DROID_FISH_IDLE command=fish cursor=42
stopped droid-fish-76375 harness=droid backend=tmux endpoint=firstmate:fm-droid-fish-76375 worktree=/Users/dela/.no-mistakes/worktrees/ec79763cce27/01M4H9BQAD97ANPCJV94NT4EX4/.test-tmp/fm-droid-signals.xjjmmU/pool/.treehouse/project-f4fa64/1/project
ok - Droid 0.237.0 public Fish-backed ship exit preserves drafts and stops the idle agent
FM_TEST_END 2026-10-09T21:40:32Z tests/fm-droid-signals-live-e2e.test.sh exit=0 duration_ms=111276 gate_skip=false
FM_TEST_SUMMARY total=1 failed=0 skipped_gate=0 duration_ms=111408
FM_TEST_SUMMARY_FAMILY family=live-harness-optin count=1 duration_ms=111276 failed=0
FM_TEST_SLOWEST rank=1 script=tests/fm-droid-signals-live-e2e.test.sh duration_ms=111276
