/Users/dela/.no-mistakes/worktrees/ec79763cce27/01M4H9BQAD97ANPCJV94NT4EX4/.test-tmp/fm-lab-native.95UYxl/fleet
fm-gate-refuse: gate agent lifecycle permitted only against lab home /Users/dela/.no-mistakes/worktrees/ec79763cce27/01M4H9BQAD97ANPCJV94NT4EX4/.test-tmp/fm-lab-native.95UYxl/fleet
spawned native harness=droid kind=scout window=firstmate:fm-native worktree=/Users/dela/.no-mistakes/worktrees/ec79763cce27/01M4H9BQAD97ANPCJV94NT4EX4/.test-tmp/fm-lab-native.95UYxl/pool/.treehouse/project-36ca08/1/project
true
{
  "sessionDefaultSettings": {
    "autonomyLevel": "high",
    "autonomyMode": "auto-high",
    "interactionMode": "auto",
    "model": "gpt-6-sol",
    "reasoningEffort": "high"
  },
  "hooks": {
    "Stop": [
      {
        "hooks": [
          {
            "type": "command",
            "command": "touch '/Users/dela/.no-mistakes/worktrees/ec79763cce27/01M4H9BQAD97ANPCJV94NT4EX4/.test-tmp/fm-lab-native.95UYxl/fleet/state/native.turn-ended'"
          }
        ]
      }
    ]
  }
}
NATIVE_MODEL exact-id=gpt-6-sol effort=high response=80235 Stop=observed
DROID_LOCK_STATUS lock: stale (pid 23080 dead or not a harness)
fm-gate-refuse: gate agent lifecycle permitted only against lab home /Users/dela/.no-mistakes/worktrees/ec79763cce27/01M4H9BQAD97ANPCJV94NT4EX4/.test-tmp/fm-lab-native.95UYxl/fleet
error: task native's composer visibly holds pending text; refusing to type the /quit exit command because it would concatenate onto that text. Clear or submit the pending text, then retry 'exit'
DRAFT_REFUSAL draft-retained=true agent-live=true
fm-gate-refuse: gate agent lifecycle permitted only against lab home /Users/dela/.no-mistakes/worktrees/ec79763cce27/01M4H9BQAD97ANPCJV94NT4EX4/.test-tmp/fm-lab-native.95UYxl/fleet
fm-gate-refuse: gate agent lifecycle permitted only against lab home /Users/dela/.no-mistakes/worktrees/ec79763cce27/01M4H9BQAD97ANPCJV94NT4EX4/.test-tmp/fm-lab-native.95UYxl/fleet
●━━━━━━━━━━━━━━━━━━━━━━━━━━━━━━━━━━━━━━━━━━━━━━━━━━━━━━━━━━━━━━━━━━━━━━━
●  WATCHER DOWN - SUPERVISION IS OFF
●  1 task(s) in flight, but no watcher has a fresh beacon (last beat: never, grace 300s).
●  Trust the emitted supervision protocol for this harness; do not use shell & for watcher repair.
●  This is a supervision warning only; the guarded operation WILL still run.
●  repair missing watcher supervision according to the session-start block for this harness; do not use shell &.
●━━━━━━━━━━━━━━━━━━━━━━━━━━━━━━━━━━━━━━━━━━━━━━━━━━━━━━━━━━━━━━━━━━━━━━━
relaunched native harness=droid from=droid model=gpt-6-sol effort=dynamic backend=tmux endpoint=firstmate:fm-native worktree=/Users/dela/.no-mistakes/worktrees/ec79763cce27/01M4H9BQAD97ANPCJV94NT4EX4/.test-tmp/fm-lab-native.95UYxl/pool/.treehouse/project-36ca08/1/project
true
NATIVE_RELAUNCH exact-id=gpt-6-sol effort=dynamic new-response=80235 new-Stop=observed
fm-gate-refuse: gate agent lifecycle permitted only against lab home /Users/dela/.no-mistakes/worktrees/ec79763cce27/01M4H9BQAD97ANPCJV94NT4EX4/.test-tmp/fm-lab-native.95UYxl/fleet
error: task native's composer state is 'unknown', not proven empty; refusing to type the /quit exit command because it could concatenate onto existing text. Clear the composer, then retry 'exit'
rm: /Users/dela/.no-mistakes/worktrees/ec79763cce27/01M4H9BQAD97ANPCJV94NT4EX4/.test-tmp/fm-lab-native.95UYxl/fleet/state/native.git-hooks/pre-rebase: Permission denied
rm: /Users/dela/.no-mistakes/worktrees/ec79763cce27/01M4H9BQAD97ANPCJV94NT4EX4/.test-tmp/fm-lab-native.95UYxl/fleet/state/native.git-hooks/pre-applypatch: Permission denied
rm: /Users/dela/.no-mistakes/worktrees/ec79763cce27/01M4H9BQAD97ANPCJV94NT4EX4/.test-tmp/fm-lab-native.95UYxl/fleet/state/native.git-hooks/pre-auto-gc: Permission denied
rm: /Users/dela/.no-mistakes/worktrees/ec79763cce27/01M4H9BQAD97ANPCJV94NT4EX4/.test-tmp/fm-lab-native.95UYxl/fleet/state/native.git-hooks/pre-merge-commit: Permission denied
rm: /Users/dela/.no-mistakes/worktrees/ec79763cce27/01M4H9BQAD97ANPCJV94NT4EX4/.test-tmp/fm-lab-native.95UYxl/fleet/state/native.git-hooks/post-commit: Permission denied
rm: /Users/dela/.no-mistakes/worktrees/ec79763cce27/01M4H9BQAD97ANPCJV94NT4EX4/.test-tmp/fm-lab-native.95UYxl/fleet/state/native.git-hooks/sendemail-validate: Permission denied
rm: /Users/dela/.no-mistakes/worktrees/ec79763cce27/01M4H9BQAD97ANPCJV94NT4EX4/.test-tmp/fm-lab-native.95UYxl/fleet/state/native.git-hooks/applypatch-msg: Permission denied
rm: /Users/dela/.no-mistakes/worktrees/ec79763cce27/01M4H9BQAD97ANPCJV94NT4EX4/.test-tmp/fm-lab-native.95UYxl/fleet/state/native.git-hooks/prepare-commit-msg: Permission denied
rm: /Users/dela/.no-mistakes/worktrees/ec79763cce27/01M4H9BQAD97ANPCJV94NT4EX4/.test-tmp/fm-lab-native.95UYxl/fleet/state/native.git-hooks/post-checkout: Permission denied
rm: /Users/dela/.no-mistakes/worktrees/ec79763cce27/01M4H9BQAD97ANPCJV94NT4EX4/.test-tmp/fm-lab-native.95UYxl/fleet/state/native.git-hooks/post-applypatch: Permission denied
rm: /Users/dela/.no-mistakes/worktrees/ec79763cce27/01M4H9BQAD97ANPCJV94NT4EX4/.test-tmp/fm-lab-native.95UYxl/fleet/state/native.git-hooks/post-rewrite: Permission denied
rm: /Users/dela/.no-mistakes/worktrees/ec79763cce27/01M4H9BQAD97ANPCJV94NT4EX4/.test-tmp/fm-lab-native.95UYxl/fleet/state/native.git-hooks/commit-msg: Permission denied
rm: /Users/dela/.no-mistakes/worktrees/ec79763cce27/01M4H9BQAD97ANPCJV94NT4EX4/.test-tmp/fm-lab-native.95UYxl/fleet/state/native.git-hooks/pre-push: Permission denied
rm: /Users/dela/.no-mistakes/worktrees/ec79763cce27/01M4H9BQAD97ANPCJV94NT4EX4/.test-tmp/fm-lab-native.95UYxl/fleet/state/native.git-hooks/post-merge: Permission denied
rm: /Users/dela/.no-mistakes/worktrees/ec79763cce27/01M4H9BQAD97ANPCJV94NT4EX4/.test-tmp/fm-lab-native.95UYxl/fleet/state/native.git-hooks/pre-commit: Permission denied
rm: /Users/dela/.no-mistakes/worktrees/ec79763cce27/01M4H9BQAD97ANPCJV94NT4EX4/.test-tmp/fm-lab-native.95UYxl/fleet/state/native.git-hooks: Directory not empty
rm: /Users/dela/.no-mistakes/worktrees/ec79763cce27/01M4H9BQAD97ANPCJV94NT4EX4/.test-tmp/fm-lab-native.95UYxl/fleet/state: Directory not empty
rm: /Users/dela/.no-mistakes/worktrees/ec79763cce27/01M4H9BQAD97ANPCJV94NT4EX4/.test-tmp/fm-lab-native.95UYxl/fleet: Directory not empty
rm: /Users/dela/.no-mistakes/worktrees/ec79763cce27/01M4H9BQAD97ANPCJV94NT4EX4/.test-tmp/fm-lab-native.95UYxl: Directory not empty
