[52721:100981594:1010/143830.999548:ERROR:gpu/command_buffer/service/shared_image/shared_image_manager.cc:497] SharedImageManager::ProduceMemory: Trying to Produce a Memory representation from a non-existent mailbox.
[52721:100981594:1010/143831.000370:ERROR:gpu/command_buffer/service/shared_image/shared_image_manager.cc:497] SharedImageManager::ProduceMemory: Trying to Produce a Memory representation from a non-existent mailbox.
[52721:100981594:1010/143831.000385:ERROR:gpu/command_buffer/service/shared_image/shared_image_manager.cc:497] SharedImageManager::ProduceMemory: Trying to Produce a Memory representation from a non-existent mailbox.
[52721:100981594:1010/143831.000393:ERROR:gpu/command_buffer/service/shared_image/shared_image_manager.cc:497] SharedImageManager::ProduceMemory: Trying to Produce a Memory representation from a non-existent mailbox.
[52721:100981594:1010/143831.000400:ERROR:gpu/command_buffer/service/shared_image/shared_image_manager.cc:497] SharedImageManager::ProduceMemory: Trying to Produce a Memory representation from a non-existent mailbox.
[52721:100981594:1010/143831.000407:ERROR:gpu/command_buffer/service/shared_image/shared_image_manager.cc:497] SharedImageManager::ProduceMemory: Trying to Produce a Memory representation from a non-existent mailbox.
[52721:100981594:1010/143831.000413:ERROR:gpu/command_buffer/service/shared_image/shared_image_manager.cc:497] SharedImageManager::ProduceMemory: Trying to Produce a Memory representation from a non-existent mailbox.
[52721:100981594:1010/143831.000420:ERROR:gpu/command_buffer/service/shared_image/shared_image_manager.cc:497] SharedImageManager::ProduceMemory: Trying to Produce a Memory representation from a non-existent mailbox.
[52721:100981594:1010/143831.000426:ERROR:gpu/command_buffer/service/shared_image/shared_image_manager.cc:497] SharedImageManager::ProduceMemory: Trying to Produce a Memory representation from a non-existent mailbox.
[52721:100981594:1010/143831.000433:ERROR:gpu/command_buffer/service/shared_image/shared_image_manager.cc:497] SharedImageManager::ProduceMemory: Trying to Produce a Memory representation from a non-existent mailbox.
[52721:100981594:1010/143831.000439:ERROR:gpu/command_buffer/service/shared_image/shared_image_manager.cc:497] SharedImageManager::ProduceMemory: Trying to Produce a Memory representation from a non-existent mailbox.
[52721:100981594:1010/143831.000447:ERROR:gpu/command_buffer/service/shared_image/shared_image_manager.cc:497] SharedImageManager::ProduceMemory: Trying to Produce a Memory representation from a non-existent mailbox.
[52721:100981594:1010/143831.000453:ERROR:gpu/command_buffer/service/shared_image/shared_image_manager.cc:497] SharedImageManager::ProduceMemory: Trying to Produce a Memory representation from a non-existent mailbox.
174268 bytes written to file /Users/dela/.no-mistakes/evidence/01M4KH5FZRRFSMMY78W2PE62ZX/pi-0.87.1-after-export-probe-export.png
[52538:100981401:1010/143831.047157:ERROR:base/process/process_mac.cc:53] task_policy_set TASK_CATEGORY_POLICY: (os/kern) invalid argument (4)
[52538:100981401:1010/143831.047362:ERROR:base/process/process_mac.cc:98] task_policy_set TASK_SUPPRESSION_POLICY: (os/kern) invalid argument (4)
[52538:100981054:1010/143831.130840:ERROR:content/browser/gpu/gpu_process_host.cc:959] GPU process exited unexpectedly: exit_code=15
[52538:100981054:1010/143831.153928:ERROR:content/browser/network_service_instance_impl.cc:597] Network service crashed, restarting service.
[53289:100982781:1010/143832.177401:ERROR:content/browser/network_service_instance_impl.cc:597] Network service crashed, restarting service.
[53289:100982781:1010/143832.177922:ERROR:content/browser/gpu/gpu_process_host.cc:959] GPU process exited unexpectedly: exit_code=15
