[52061:100979744:1010/143828.537966:ERROR:gpu/command_buffer/service/shared_image/shared_image_manager.cc:497] SharedImageManager::ProduceMemory: Trying to Produce a Memory representation from a non-existent mailbox.
[52061:100979744:1010/143828.538793:ERROR:gpu/command_buffer/service/shared_image/shared_image_manager.cc:497] SharedImageManager::ProduceMemory: Trying to Produce a Memory representation from a non-existent mailbox.
[52061:100979744:1010/143828.538849:ERROR:gpu/command_buffer/service/shared_image/shared_image_manager.cc:497] SharedImageManager::ProduceMemory: Trying to Produce a Memory representation from a non-existent mailbox.
[52061:100979744:1010/143828.538946:ERROR:gpu/command_buffer/service/shared_image/shared_image_manager.cc:497] SharedImageManager::ProduceMemory: Trying to Produce a Memory representation from a non-existent mailbox.
[52061:100979744:1010/143828.538981:ERROR:gpu/command_buffer/service/shared_image/shared_image_manager.cc:497] SharedImageManager::ProduceMemory: Trying to Produce a Memory representation from a non-existent mailbox.
[52061:100979744:1010/143828.539023:ERROR:gpu/command_buffer/service/shared_image/shared_image_manager.cc:497] SharedImageManager::ProduceMemory: Trying to Produce a Memory representation from a non-existent mailbox.
[52061:100979744:1010/143828.539045:ERROR:gpu/command_buffer/service/shared_image/shared_image_manager.cc:497] SharedImageManager::ProduceMemory: Trying to Produce a Memory representation from a non-existent mailbox.
[52061:100979744:1010/143828.539053:ERROR:gpu/command_buffer/service/shared_image/shared_image_manager.cc:497] SharedImageManager::ProduceMemory: Trying to Produce a Memory representation from a non-existent mailbox.
[52061:100979744:1010/143828.539060:ERROR:gpu/command_buffer/service/shared_image/shared_image_manager.cc:497] SharedImageManager::ProduceMemory: Trying to Produce a Memory representation from a non-existent mailbox.
[52061:100979744:1010/143828.539067:ERROR:gpu/command_buffer/service/shared_image/shared_image_manager.cc:497] SharedImageManager::ProduceMemory: Trying to Produce a Memory representation from a non-existent mailbox.
[52061:100979744:1010/143828.539073:ERROR:gpu/command_buffer/service/shared_image/shared_image_manager.cc:497] SharedImageManager::ProduceMemory: Trying to Produce a Memory representation from a non-existent mailbox.
[52061:100979744:1010/143828.539080:ERROR:gpu/command_buffer/service/shared_image/shared_image_manager.cc:497] SharedImageManager::ProduceMemory: Trying to Produce a Memory representation from a non-existent mailbox.
[52061:100979744:1010/143828.539086:ERROR:gpu/command_buffer/service/shared_image/shared_image_manager.cc:497] SharedImageManager::ProduceMemory: Trying to Produce a Memory representation from a non-existent mailbox.
[52061:100979744:1010/143828.539092:ERROR:gpu/command_buffer/service/shared_image/shared_image_manager.cc:497] SharedImageManager::ProduceMemory: Trying to Produce a Memory representation from a non-existent mailbox.
[52061:100979744:1010/143828.539098:ERROR:gpu/command_buffer/service/shared_image/shared_image_manager.cc:497] SharedImageManager::ProduceMemory: Trying to Produce a Memory representation from a non-existent mailbox.
[52061:100979744:1010/143828.539105:ERROR:gpu/command_buffer/service/shared_image/shared_image_manager.cc:497] SharedImageManager::ProduceMemory: Trying to Produce a Memory representation from a non-existent mailbox.
189856 bytes written to file /Users/dela/.no-mistakes/evidence/01M4KH5FZRRFSMMY78W2PE62ZX/pi-1.1.0-after-export-probe-export.png
[51898:100979689:1010/143828.561579:ERROR:base/process/process_mac.cc:53] task_policy_set TASK_CATEGORY_POLICY: (ipc/send) invalid destination port (0x10000003)
[51898:100979689:1010/143828.561650:ERROR:base/process/process_mac.cc:98] task_policy_set TASK_SUPPRESSION_POLICY: (ipc/send) invalid destination port (0x10000003)
[51898:100979397:1010/143828.740938:ERROR:content/browser/network_service_instance_impl.cc:597] Network service crashed, restarting service.
[51898:100979397:1010/143828.741833:ERROR:content/browser/gpu/gpu_process_host.cc:959] GPU process exited unexpectedly: exit_code=15
[52264:100980236:1010/143829.679956:ERROR:content/browser/network_service_instance_impl.cc:597] Network service crashed, restarting service.
[52264:100980236:1010/143829.680738:ERROR:content/browser/gpu/gpu_process_host.cc:959] GPU process exited unexpectedly: exit_code=15
